// Jest Snapshot v1, https://goo.gl/fbAQLP

exports[`ErrorMessage matches snapshot 1`] = `
<DocumentFragment>
  <div
    class="error-message"
  >
    <span
      class="error-message__text"
    >
      City not found
    </span>
    <button
      class="error-message__button"
      type="button"
    >
      OK
    </button>
  </div>
</DocumentFragment>
`;
