// Jest Snapshot v1, https://goo.gl/fbAQLP

exports[`ForecastDetails matches snapshot 1`] = `
<DocumentFragment>
  <div
    class="forecast-details"
    data-testid="forecast-details"
  >
    <h2
      class="forecast-details__date"
      data-testid="forecast-details-date"
    >
      <span>
        Mon 30th Apr
      </span>
    </h2>
    <p
      class="forecast-details__temperature-max"
      data-testid="forecast-details-temperature-max"
    >
      Max Temperature: 
      <span>
        11
      </span>
       °C
    </p>
    <p
      class="forecast-details__temperature-min"
      data-testid="forecast-details-temperature-min"
    >
      Min Temperature: 
      <span>
        4
      </span>
       °C
    </p>
    <p
      class="forecast-details__humidity"
      data-testid="forecast-details-humidity"
    >
      Humidity: 
      <span>
        30
      </span>
      %
    </p>
    <p
      class="forecast-details__wind"
      data-testid="forecast-details-wind"
    >
      <span>
        13
      </span>
      mph 
      <svg
        class="wind-direction-icon"
        data-testid="wind-direction-icon"
        fill="currentColor"
        style="transform: rotate(180deg);"
        version="1.1"
        viewBox="0 0 490 490"
        x="0px"
        y="0px"
      >
        <title>
          arrow pointing south
        </title>
        <path
          d="M480.086,490L245,339.229L9.914,490L245,0L480.086,490z"
        />
      </svg>
    </p>
  </div>
</DocumentFragment>
`;
