// Jest Snapshot v1, https://goo.gl/fbAQLP

exports[`ForecastSummaries matches snapshot 1`] = `
<DocumentFragment>
  <div
    class="forecast-summaries"
    data-testid="forecast-summaries"
  >
    <div
      class="forecast-summary shadow"
      data-testid="forecast-summary"
    >
      <h2
        class="forecast-summary__date"
        data-testid="forecast-summary-date"
      >
        <span>
          Mon 30th Apr
        </span>
      </h2>
      <p
        class="forecast-summary__description"
        data-testid="forecast-summary-description"
      >
        Clear
      </p>
      <div
        class="weather-icon-component"
        data-testid="weather-icon-component"
      >
        <i
          class="wi wi-day-sunny"
          name="owm"
          style="transform: scale(2.75); color: rgb(255, 255, 255);"
        />
      </div>
      <p
        class="forecast-summary__temperature"
        data-testid="forecast-summary-temperature"
      >
        <span>
          11
        </span>
        °C
      </p>
      <button
        class="shadow"
        type="button"
      >
        More details...
      </button>
    </div>
    <div
      class="forecast-summary shadow"
      data-testid="forecast-summary"
    >
      <h2
        class="forecast-summary__date"
        data-testid="forecast-summary-date"
      >
        <span>
          Tue 1st May
        </span>
      </h2>
      <p
        class="forecast-summary__description"
        data-testid="forecast-summary-description"
      >
        Stormy
      </p>
      <div
        class="weather-icon-component"
        data-testid="weather-icon-component"
      >
        <i
          class="wi wi-day-thunderstorm"
          name="owm"
          style="transform: scale(2.75); color: rgb(255, 255, 255);"
        />
      </div>
      <p
        class="forecast-summary__temperature"
        data-testid="forecast-summary-temperature"
      >
        <span>
          13
        </span>
        °C
      </p>
      <button
        class="shadow"
        type="button"
      >
        More details...
      </button>
    </div>
    <div
      class="forecast-summary shadow"
      data-testid="forecast-summary"
    >
      <h2
        class="forecast-summary__date"
        data-testid="forecast-summary-date"
      >
        <span>
          Wed 2nd May
        </span>
      </h2>
      <p
        class="forecast-summary__description"
        data-testid="forecast-summary-description"
      >
        Heavy Snow
      </p>
      <div
        class="weather-icon-component"
        data-testid="weather-icon-component"
      >
        <i
          class="wi wi-day-snow"
          name="owm"
          style="transform: scale(2.75); color: rgb(255, 255, 255);"
        />
      </div>
      <p
        class="forecast-summary__temperature"
        data-testid="forecast-summary-temperature"
      >
        <span>
          1
        </span>
        °C
      </p>
      <button
        class="shadow"
        type="button"
      >
        More details...
      </button>
    </div>
  </div>
</DocumentFragment>
`;
