// Jest Snapshot v1, https://goo.gl/fbAQLP

exports[`LocationDetails matches snapshot 1`] = `
<DocumentFragment>
  <header
    class="location-details"
    data-testid="location-details"
  >
    <h1
      class="location-details__title"
    >
      Lancaster, GB
    </h1>
  </header>
</DocumentFragment>
`;
