// Jest Snapshot v1, https://goo.gl/fbAQLP

exports[`WeatherIconComponent matches snapshot 1`] = `
<DocumentFragment>
  <div
    class="weather-icon-component"
    data-testid="weather-icon-component"
  >
    <i
      class="wi wi-day-sunny"
      name="owm"
      style="transform: scale(2.75);"
    />
  </div>
</DocumentFragment>
`;
